Archive member included to satisfy reference by file (symbol)

e:/software/stm32cubeide_1.3.0/stm32cubeide/plugins/com.st.stm32cube.ide.mcu.externaltools.gnu-tools-for-stm32.7-2018-q2-update.win32_1.0.0.201904181610/tools/bin/../lib/gcc/arm-none-eabi/7.3.1/../../../../arm-none-eabi/lib/thumb/v7e-m/fpv4-sp/hard\libc_nano.a(lib_a-errno.o)
                              Core/Src/syscalls.o (__errno)
e:/software/stm32cubeide_1.3.0/stm32cubeide/plugins/com.st.stm32cube.ide.mcu.externaltools.gnu-tools-for-stm32.7-2018-q2-update.win32_1.0.0.201904181610/tools/bin/../lib/gcc/arm-none-eabi/7.3.1/../../../../arm-none-eabi/lib/thumb/v7e-m/fpv4-sp/hard\libc_nano.a(lib_a-exit.o)
                              e:/software/stm32cubeide_1.3.0/stm32cubeide/plugins/com.st.stm32cube.ide.mcu.externaltools.gnu-tools-for-stm32.7-2018-q2-update.win32_1.0.0.201904181610/tools/bin/../lib/gcc/arm-none-eabi/7.3.1/../../../../arm-none-eabi/lib/thumb/v7e-m/fpv4-sp/hard/crt0.o (exit)
e:/software/stm32cubeide_1.3.0/stm32cubeide/plugins/com.st.stm32cube.ide.mcu.externaltools.gnu-tools-for-stm32.7-2018-q2-update.win32_1.0.0.201904181610/tools/bin/../lib/gcc/arm-none-eabi/7.3.1/../../../../arm-none-eabi/lib/thumb/v7e-m/fpv4-sp/hard\libc_nano.a(lib_a-impure.o)
                              e:/software/stm32cubeide_1.3.0/stm32cubeide/plugins/com.st.stm32cube.ide.mcu.externaltools.gnu-tools-for-stm32.7-2018-q2-update.win32_1.0.0.201904181610/tools/bin/../lib/gcc/arm-none-eabi/7.3.1/../../../../arm-none-eabi/lib/thumb/v7e-m/fpv4-sp/hard\libc_nano.a(lib_a-exit.o) (_global_impure_ptr)
e:/software/stm32cubeide_1.3.0/stm32cubeide/plugins/com.st.stm32cube.ide.mcu.externaltools.gnu-tools-for-stm32.7-2018-q2-update.win32_1.0.0.201904181610/tools/bin/../lib/gcc/arm-none-eabi/7.3.1/../../../../arm-none-eabi/lib/thumb/v7e-m/fpv4-sp/hard\libc_nano.a(lib_a-init.o)
                              e:/software/stm32cubeide_1.3.0/stm32cubeide/plugins/com.st.stm32cube.ide.mcu.externaltools.gnu-tools-for-stm32.7-2018-q2-update.win32_1.0.0.201904181610/tools/bin/../lib/gcc/arm-none-eabi/7.3.1/../../../../arm-none-eabi/lib/thumb/v7e-m/fpv4-sp/hard/crt0.o (__libc_init_array)
e:/software/stm32cubeide_1.3.0/stm32cubeide/plugins/com.st.stm32cube.ide.mcu.externaltools.gnu-tools-for-stm32.7-2018-q2-update.win32_1.0.0.201904181610/tools/bin/../lib/gcc/arm-none-eabi/7.3.1/../../../../arm-none-eabi/lib/thumb/v7e-m/fpv4-sp/hard\libc_nano.a(lib_a-memcpy-stub.o)
                              Middlewares/Third_Party/FreeRTOS/Source/queue.o (memcpy)
e:/software/stm32cubeide_1.3.0/stm32cubeide/plugins/com.st.stm32cube.ide.mcu.externaltools.gnu-tools-for-stm32.7-2018-q2-update.win32_1.0.0.201904181610/tools/bin/../lib/gcc/arm-none-eabi/7.3.1/../../../../arm-none-eabi/lib/thumb/v7e-m/fpv4-sp/hard\libc_nano.a(lib_a-memset.o)
                              e:/software/stm32cubeide_1.3.0/stm32cubeide/plugins/com.st.stm32cube.ide.mcu.externaltools.gnu-tools-for-stm32.7-2018-q2-update.win32_1.0.0.201904181610/tools/bin/../lib/gcc/arm-none-eabi/7.3.1/../../../../arm-none-eabi/lib/thumb/v7e-m/fpv4-sp/hard/crt0.o (memset)
e:/software/stm32cubeide_1.3.0/stm32cubeide/plugins/com.st.stm32cube.ide.mcu.externaltools.gnu-tools-for-stm32.7-2018-q2-update.win32_1.0.0.201904181610/tools/bin/../lib/gcc/arm-none-eabi/7.3.1/thumb/v7e-m/fpv4-sp/hard\libgcc.a(_aeabi_uldivmod.o)
                              Drivers/STM32F4xx_HAL_Driver/Src/stm32f4xx_hal_rcc.o (__aeabi_uldivmod)
e:/software/stm32cubeide_1.3.0/stm32cubeide/plugins/com.st.stm32cube.ide.mcu.externaltools.gnu-tools-for-stm32.7-2018-q2-update.win32_1.0.0.201904181610/tools/bin/../lib/gcc/arm-none-eabi/7.3.1/thumb/v7e-m/fpv4-sp/hard\libgcc.a(_udivmoddi4.o)
                              e:/software/stm32cubeide_1.3.0/stm32cubeide/plugins/com.st.stm32cube.ide.mcu.externaltools.gnu-tools-for-stm32.7-2018-q2-update.win32_1.0.0.201904181610/tools/bin/../lib/gcc/arm-none-eabi/7.3.1/thumb/v7e-m/fpv4-sp/hard\libgcc.a(_aeabi_uldivmod.o) (__udivmoddi4)
e:/software/stm32cubeide_1.3.0/stm32cubeide/plugins/com.st.stm32cube.ide.mcu.externaltools.gnu-tools-for-stm32.7-2018-q2-update.win32_1.0.0.201904181610/tools/bin/../lib/gcc/arm-none-eabi/7.3.1/thumb/v7e-m/fpv4-sp/hard\libgcc.a(_dvmd_tls.o)
                              e:/software/stm32cubeide_1.3.0/stm32cubeide/plugins/com.st.stm32cube.ide.mcu.externaltools.gnu-tools-for-stm32.7-2018-q2-update.win32_1.0.0.201904181610/tools/bin/../lib/gcc/arm-none-eabi/7.3.1/thumb/v7e-m/fpv4-sp/hard\libgcc.a(_aeabi_uldivmod.o) (__aeabi_ldiv0)

Allocating common symbols
Common symbol       size              file

defaultTaskHandle   0x4               Core/Src/main.o
q2                  0x4               Core/Src/main.o
xSemaphore          0x4               Core/Src/main.o
uwTick              0x4               Drivers/STM32F4xx_HAL_Driver/Src/stm32f4xx_hal.o
xQueueRegistry      0x40              Middlewares/Third_Party/FreeRTOS/Source/queue.o
[...]
Memory Configuration

Name             Origin             Length             Attributes
CCMRAM           0x0000000010000000 0x0000000000010000 xrw
RAM              0x0000000020000000 0x0000000000030000 xrw
FLASH            0x0000000008000000 0x0000000000200000 xr
*default*        0x0000000000000000 0xffffffffffffffff

Linker script and memory map

LOAD e:/software/stm32cubeide_1.3.0/stm32cubeide/plugins/com.st.stm32cube.ide.mcu.externaltools.gnu-tools-for-stm32.7-2018-q2-update.win32_1.0.0.201904181610/tools/bin/../lib/gcc/arm-none-eabi/7.3.1/thumb/v7e-m/fpv4-sp/hard/crti.o
LOAD e:/software/stm32cubeide_1.3.0/stm32cubeide/plugins/com.st.stm32cube.ide.mcu.externaltools.gnu-tools-for-stm32.7-2018-q2-update.win32_1.0.0.201904181610/tools/bin/../lib/gcc/arm-none-eabi/7.3.1/thumb/v7e-m/fpv4-sp/hard/crtbegin.o
LOAD e:/software/stm32cubeide_1.3.0/stm32cubeide/plugins/com.st.stm32cube.ide.mcu.externaltools.gnu-tools-for-stm32.7-2018-q2-update.win32_1.0.0.201904181610/tools/bin/../lib/gcc/arm-none-eabi/7.3.1/../../../../arm-none-eabi/lib/thumb/v7e-m/fpv4-sp/hard/crt0.o
LOAD Core/Src/freertos.o
LOAD Core/Src/main.o
LOAD Core/Src/stm32f4xx_hal_msp.o
LOAD Core/Src/stm32f4xx_hal_timebase_tim.o
LOAD Core/Src/stm32f4xx_it.o
LOAD Core/Src/syscalls.o
LOAD Core/Src/sysmem.o
LOAD Core/Src/system_stm32f4xx.o
LOAD Core/Startup/startup_stm32f429zitx.o
LOAD Drivers/STM32F4xx_HAL_Driver/Src/stm32f4xx_hal.o
LOAD Drivers/STM32F4xx_HAL_Driver/Src/stm32f4xx_hal_cortex.o
LOAD Drivers/STM32F4xx_HAL_Driver/Src/stm32f4xx_hal_dma.o
LOAD Drivers/STM32F4xx_HAL_Driver/Src/stm32f4xx_hal_dma_ex.o
LOAD Drivers/STM32F4xx_HAL_Driver/Src/stm32f4xx_hal_exti.o
LOAD Drivers/STM32F4xx_HAL_Driver/Src/stm32f4xx_hal_flash.o
LOAD Drivers/STM32F4xx_HAL_Driver/Src/stm32f4xx_hal_flash_ex.o
LOAD Drivers/STM32F4xx_HAL_Driver/Src/stm32f4xx_hal_flash_ramfunc.o
LOAD Drivers/STM32F4xx_HAL_Driver/Src/stm32f4xx_hal_gpio.o
LOAD Drivers/STM32F4xx_HAL_Driver/Src/stm32f4xx_hal_pwr.o
LOAD Drivers/STM32F4xx_HAL_Driver/Src/stm32f4xx_hal_pwr_ex.o
LOAD Drivers/STM32F4xx_HAL_Driver/Src/stm32f4xx_hal_rcc.o
LOAD Drivers/STM32F4xx_HAL_Driver/Src/stm32f4xx_hal_rcc_ex.o
LOAD Drivers/STM32F4xx_HAL_Driver/Src/stm32f4xx_hal_tim.o
LOAD Drivers/STM32F4xx_HAL_Driver/Src/stm32f4xx_hal_tim_ex.o
LOAD Middlewares/Third_Party/FreeRTOS/Source/CMSIS_RTOS/cmsis_os.o
LOAD Middlewares/Third_Party/FreeRTOS/Source/croutine.o
LOAD Middlewares/Third_Party/FreeRTOS/Source/event_groups.o
LOAD Middlewares/Third_Party/FreeRTOS/Source/list.o
LOAD Middlewares/Third_Party/FreeRTOS/Source/queue.o
LOAD Middlewares/Third_Party/FreeRTOS/Source/stream_buffer.o
LOAD Middlewares/Third_Party/FreeRTOS/Source/tasks.o
LOAD Middlewares/Third_Party/FreeRTOS/Source/timers.o
LOAD Middlewares/Third_Party/FreeRTOS/Source/portable/GCC/ARM_CM4F/port.o
LOAD Middlewares/Third_Party/FreeRTOS/Source/portable/MemMang/heap_4.o
START GROUP
LOAD e:/software/stm32cubeide_1.3.0/stm32cubeide/plugins/com.st.stm32cube.ide.mcu.externaltools.gnu-tools-for-stm32.7-2018-q2-update.win32_1.0.0.201904181610/tools/bin/../lib/gcc/arm-none-eabi/7.3.1/../../../../arm-none-eabi/lib/thumb/v7e-m/fpv4-sp/hard\libc_nano.a
LOAD e:/software/stm32cubeide_1.3.0/stm32cubeide/plugins/com.st.stm32cube.ide.mcu.externaltools.gnu-tools-for-stm32.7-2018-q2-update.win32_1.0.0.201904181610/tools/bin/../lib/gcc/arm-none-eabi/7.3.1/../../../../arm-none-eabi/lib/thumb/v7e-m/fpv4-sp/hard\libm.a
END GROUP
START GROUP
LOAD e:/software/stm32cubeide_1.3.0/stm32cubeide/plugins/com.st.stm32cube.ide.mcu.externaltools.gnu-tools-for-stm32.7-2018-q2-update.win32_1.0.0.201904181610/tools/bin/../lib/gcc/arm-none-eabi/7.3.1/thumb/v7e-m/fpv4-sp/hard\libgcc.a
LOAD e:/software/stm32cubeide_1.3.0/stm32cubeide/plugins/com.st.stm32cube.ide.mcu.externaltools.gnu-tools-for-stm32.7-2018-q2-update.win32_1.0.0.201904181610/tools/bin/../lib/gcc/arm-none-eabi/7.3.1/../../../../arm-none-eabi/lib/thumb/v7e-m/fpv4-sp/hard\libc_nano.a
END GROUP
START GROUP
LOAD e:/software/stm32cubeide_1.3.0/stm32cubeide/plugins/com.st.stm32cube.ide.mcu.externaltools.gnu-tools-for-stm32.7-2018-q2-update.win32_1.0.0.201904181610/tools/bin/../lib/gcc/arm-none-eabi/7.3.1/thumb/v7e-m/fpv4-sp/hard\libgcc.a
LOAD e:/software/stm32cubeide_1.3.0/stm32cubeide/plugins/com.st.stm32cube.ide.mcu.externaltools.gnu-tools-for-stm32.7-2018-q2-update.win32_1.0.0.201904181610/tools/bin/../lib/gcc/arm-none-eabi/7.3.1/../../../../arm-none-eabi/lib/thumb/v7e-m/fpv4-sp/hard\libc_nano.a
LOAD e:/software/stm32cubeide_1.3.0/stm32cubeide/plugins/com.st.stm32cube.ide.mcu.externaltools.gnu-tools-for-stm32.7-2018-q2-update.win32_1.0.0.201904181610/tools/bin/../lib/gcc/arm-none-eabi/7.3.1/../../../../arm-none-eabi/lib/thumb/v7e-m/fpv4-sp/hard\libnosys.a
END GROUP
START GROUP
LOAD e:/software/stm32cubeide_1.3.0/stm32cubeide/plugins/com.st.stm32cube.ide.mcu.externaltools.gnu-tools-for-stm32.7-2018-q2-update.win32_1.0.0.201904181610/tools/bin/../lib/gcc/arm-none-eabi/7.3.1/thumb/v7e-m/fpv4-sp/hard\libgcc.a
LOAD e:/software/stm32cubeide_1.3.0/stm32cubeide/plugins/com.st.stm32cube.ide.mcu.externaltools.gnu-tools-for-stm32.7-2018-q2-update.win32_1.0.0.201904181610/tools/bin/../lib/gcc/arm-none-eabi/7.3.1/../../../../arm-none-eabi/lib/thumb/v7e-m/fpv4-sp/hard\libc_nano.a
LOAD e:/software/stm32cubeide_1.3.0/stm32cubeide/plugins/com.st.stm32cube.ide.mcu.externaltools.gnu-tools-for-stm32.7-2018-q2-update.win32_1.0.0.201904181610/tools/bin/../lib/gcc/arm-none-eabi/7.3.1/../../../../arm-none-eabi/lib/thumb/v7e-m/fpv4-sp/hard\libnosys.a
END GROUP
LOAD e:/software/stm32cubeide_1.3.0/stm32cubeide/plugins/com.st.stm32cube.ide.mcu.externaltools.gnu-tools-for-stm32.7-2018-q2-update.win32_1.0.0.201904181610/tools/bin/../lib/gcc/arm-none-eabi/7.3.1/thumb/v7e-m/fpv4-sp/hard/crtend.o
LOAD e:/software/stm32cubeide_1.3.0/stm32cubeide/plugins/com.st.stm32cube.ide.mcu.externaltools.gnu-tools-for-stm32.7-2018-q2-update.win32_1.0.0.201904181610/tools/bin/../lib/gcc/arm-none-eabi/7.3.1/thumb/v7e-m/fpv4-sp/hard/crtn.o
                0x0000000020030000                _estack = (ORIGIN (RAM) + LENGTH (RAM))
                0x0000000000000200                _Min_Heap_Size = 0x200
                0x0000000000000400                _Min_Stack_Size = 0x400

.isr_vector     0x0000000008000000      0x1ac
                0x0000000008000000                . = ALIGN (0x4)
 *(.isr_vector)
 .isr_vector    0x0000000008000000      0x1ac Core/Startup/startup_stm32f429zitx.o
                0x0000000008000000                g_pfnVectors
                0x00000000080001ac                . = ALIGN (0x4)

.text           0x00000000080001b0     0x4128
                0x00000000080001b0                . = ALIGN (0x4)
 *(.text)
 .text          0x00000000080001b0       0x40 e:/software/stm32cubeide_1.3.0/stm32cubeide/plugins/com.st.stm32cube.ide.mcu.externaltools.gnu-tools-for-stm32.7-2018-q2-update.win32_1.0.0.201904181610/tools/bin/../lib/gcc/arm-none-eabi/7.3.1/thumb/v7e-m/fpv4-sp/hard/crtbegin.o
 .text          0x00000000080001f0       0x30 e:/software/stm32cubeide_1.3.0/stm32cubeide/plugins/com.st.stm32cube.ide.mcu.externaltools.gnu-tools-for-stm32.7-2018-q2-update.win32_1.0.0.201904181610/tools/bin/../lib/gcc/arm-none-eabi/7.3.1/thumb/v7e-m/fpv4-sp/hard\libgcc.a(_aeabi_uldivmod.o)
                0x00000000080001f0                __aeabi_uldivmod
 .text          0x0000000008000220      0x2cc e:/software/stm32cubeide_1.3.0/stm32cubeide/plugins/com.st.stm32cube.ide.mcu.externaltools.gnu-tools-for-stm32.7-2018-q2-update.win32_1.0.0.201904181610/tools/bin/../lib/gcc/arm-none-eabi/7.3.1/thumb/v7e-m/fpv4-sp/hard\libgcc.a(_udivmoddi4.o)
                0x0000000008000220                __udivmoddi4
 .text          0x00000000080004ec        0x4 e:/software/stm32cubeide_1.3.0/stm32cubeide/plugins/com.st.stm32cube.ide.mcu.externaltools.gnu-tools-for-stm32.7-2018-q2-update.win32_1.0.0.201904181610/tools/bin/../lib/gcc/arm-none-eabi/7.3.1/thumb/v7e-m/fpv4-sp/hard\libgcc.a(_dvmd_tls.o)
                0x00000000080004ec                __aeabi_idiv0
                0x00000000080004ec                __aeabi_ldiv0
 *(.text*)
 .text.vApplicationGetIdleTaskMemory
                0x00000000080004f0       0x34 Core/Src/freertos.o
                0x00000000080004f0                vApplicationGetIdleTaskMemory
 .text.main     0x0000000008000524      0x104 Core/Src/main.o
                0x0000000008000524                main
 .text.SystemClock_Config
                0x0000000008000628       0xc0 Core/Src/main.o
                0x0000000008000628                SystemClock_Config
 .text.MX_GPIO_Init
                0x00000000080006e8       0x88 Core/Src/main.o
 .text.StartDefaultTask
                0x0000000008000770       0x10 Core/Src/main.o
                0x0000000008000770                StartDefaultTask
 .text.StartTask02
                0x0000000008000780       0x78 Core/Src/main.o
                0x0000000008000780                StartTask02
 .text.StartTask03
                0x00000000080007f8       0x74 Core/Src/main.o
                0x00000000080007f8                StartTask03
 .text.StartTask04
                0x000000000800086c       0x74 Core/Src/main.o
                0x000000000800086c                StartTask04
 .text.HAL_TIM_PeriodElapsedCallback
                0x00000000080008e0       0x24 Core/Src/main.o
                0x00000000080008e0                HAL_TIM_PeriodElapsedCallback
 .text.Error_Handler
                0x0000000008000904        0xe Core/Src/main.o
                0x0000000008000904                Error_Handler
 *fill*         0x0000000008000912        0x2 
 .text.HAL_MspInit
                0x0000000008000914       0x58 Core/Src/stm32f4xx_hal_msp.o
                0x0000000008000914                HAL_MspInit
 .text.HAL_InitTick
                0x000000000800096c       0xb0 Core/Src/stm32f4xx_hal_timebase_tim.o
                0x000000000800096c                HAL_InitTick
 .text.NMI_Handler
                0x0000000008000a1c        0xe Core/Src/stm32f4xx_it.o
                0x0000000008000a1c                NMI_Handler
 .text.HardFault_Handler
                0x0000000008000a2a        0x6 Core/Src/stm32f4xx_it.o
                0x0000000008000a2a                HardFault_Handler
 .text.MemManage_Handler
                0x0000000008000a30        0x6 Core/Src/stm32f4xx_it.o
                0x0000000008000a30                MemManage_Handler
 .text.BusFault_Handler
                0x0000000008000a36        0x6 Core/Src/stm32f4xx_it.o
                0x0000000008000a36                BusFault_Handler
 .text.UsageFault_Handler
                0x0000000008000a3c        0x6 Core/Src/stm32f4xx_it.o
                0x0000000008000a3c                UsageFault_Handler
 .text.DebugMon_Handler
                0x0000000008000a42        0xe Core/Src/stm32f4xx_it.o
                0x0000000008000a42                DebugMon_Handler
 .text.TIM1_UP_TIM10_IRQHandler
                0x0000000008000a50       0x14 Core/Src/stm32f4xx_it.o
                0x0000000008000a50                TIM1_UP_TIM10_IRQHandler
 .text.SystemInit
                0x0000000008000a64       0x2c Core/Src/system_stm32f4xx.o
                0x0000000008000a64                SystemInit
 .text.Reset_Handler
                0x0000000008000a90       0x50 Core/Startup/startup_stm32f429zitx.o
                0x0000000008000a90                Reset_Handler
 .text.Default_Handler
                0x0000000008000ae0        0x2 Core/Startup/startup_stm32f429zitx.o
                0x0000000008000ae0                RTC_Alarm_IRQHandler
                0x0000000008000ae0                HASH_RNG_IRQHandler
                0x0000000008000ae0                EXTI2_IRQHandler
                0x0000000008000ae0                TIM8_CC_IRQHandler
                0x0000000008000ae0                UART8_IRQHandler
                0x0000000008000ae0                SPI4_IRQHandler
                0x0000000008000ae0                TIM1_CC_IRQHandler
                0x0000000008000ae0                DMA2_Stream5_IRQHandler
                0x0000000008000ae0                DMA1_Stream5_IRQHandler
                0x0000000008000ae0                PVD_IRQHandler
                0x0000000008000ae0                SDIO_IRQHandler
                0x0000000008000ae0                TAMP_STAMP_IRQHandler
                0x0000000008000ae0                CAN2_RX1_IRQHandler
                0x0000000008000ae0                EXTI3_IRQHandler
                0x0000000008000ae0                TIM8_TRG_COM_TIM14_IRQHandler
                0x0000000008000ae0                TIM8_UP_TIM13_IRQHandler
                0x0000000008000ae0                I2C3_ER_IRQHandler
                0x0000000008000ae0                EXTI0_IRQHandler
                0x0000000008000ae0                I2C2_EV_IRQHandler
                0x0000000008000ae0                DMA1_Stream2_IRQHandler
                0x0000000008000ae0                CAN1_RX0_IRQHandler
                0x0000000008000ae0                FPU_IRQHandler
                0x0000000008000ae0                OTG_HS_WKUP_IRQHandler
                0x0000000008000ae0                LTDC_ER_IRQHandler
                0x0000000008000ae0                CAN2_SCE_IRQHandler
                0x0000000008000ae0                DMA2_Stream2_IRQHandler
                0x0000000008000ae0                SPI1_IRQHandler
                0x0000000008000ae0                TIM6_DAC_IRQHandler
                0x0000000008000ae0                TIM1_BRK_TIM9_IRQHandler
                0x0000000008000ae0                DCMI_IRQHandler
                0x0000000008000ae0                CAN2_RX0_IRQHandler
                0x0000000008000ae0                DMA2_Stream3_IRQHandler
                0x0000000008000ae0                USART6_IRQHandler
                0x0000000008000ae0                USART3_IRQHandler
                0x0000000008000ae0                CAN1_RX1_IRQHandler
                0x0000000008000ae0                UART5_IRQHandler
                0x0000000008000ae0                DMA2_Stream0_IRQHandler
                0x0000000008000ae0                TIM4_IRQHandler
                0x0000000008000ae0                I2C1_EV_IRQHandler
                0x0000000008000ae0                DMA1_Stream6_IRQHandler
                0x0000000008000ae0                DMA1_Stream1_IRQHandler
                0x0000000008000ae0                UART4_IRQHandler
                0x0000000008000ae0                TIM3_IRQHandler
                0x0000000008000ae0                RCC_IRQHandler
                0x0000000008000ae0                TIM8_BRK_TIM12_IRQHandler
                0x0000000008000ae0                Default_Handler
                0x0000000008000ae0                EXTI15_10_IRQHandler
                0x0000000008000ae0                ADC_IRQHandler
                0x0000000008000ae0                DMA1_Stream7_IRQHandler
                0x0000000008000ae0                SPI5_IRQHandler
                0x0000000008000ae0                TIM7_IRQHandler
                0x0000000008000ae0                CAN2_TX_IRQHandler
                0x0000000008000ae0                TIM5_IRQHandler
                0x0000000008000ae0                DMA2_Stream7_IRQHandler
                0x0000000008000ae0                I2C3_EV_IRQHandler
                0x0000000008000ae0                EXTI9_5_IRQHandler
                0x0000000008000ae0                RTC_WKUP_IRQHandler
                0x0000000008000ae0                LTDC_IRQHandler
                0x0000000008000ae0                ETH_WKUP_IRQHandler
                0x0000000008000ae0                SPI2_IRQHandler
                0x0000000008000ae0                OTG_HS_EP1_IN_IRQHandler
                0x0000000008000ae0                DMA1_Stream0_IRQHandler
                0x0000000008000ae0                CAN1_TX_IRQHandler
                0x0000000008000ae0                EXTI4_IRQHandler
                0x0000000008000ae0                ETH_IRQHandler
                0x0000000008000ae0                OTG_HS_EP1_OUT_IRQHandler
                0x0000000008000ae0                WWDG_IRQHandler
                0x0000000008000ae0                SPI6_IRQHandler
                0x0000000008000ae0                TIM2_IRQHandler
                0x0000000008000ae0                OTG_FS_WKUP_IRQHandler
                0x0000000008000ae0                TIM1_TRG_COM_TIM11_IRQHandler
                0x0000000008000ae0                OTG_HS_IRQHandler
                0x0000000008000ae0                DMA2D_IRQHandler
                0x0000000008000ae0                EXTI1_IRQHandler
                0x0000000008000ae0                UART7_IRQHandler
                0x0000000008000ae0                USART2_IRQHandler
                0x0000000008000ae0                I2C2_ER_IRQHandler
                0x0000000008000ae0                DMA2_Stream1_IRQHandler
                0x0000000008000ae0                CAN1_SCE_IRQHandler
                0x0000000008000ae0                FLASH_IRQHandler
                0x0000000008000ae0                DMA2_Stream4_IRQHandler
                0x0000000008000ae0                USART1_IRQHandler
                0x0000000008000ae0                OTG_FS_IRQHandler
                0x0000000008000ae0                SPI3_IRQHandler
                0x0000000008000ae0                DMA1_Stream4_IRQHandler
                0x0000000008000ae0                I2C1_ER_IRQHandler
                0x0000000008000ae0                FMC_IRQHandler
                0x0000000008000ae0                DMA2_Stream6_IRQHandler
                0x0000000008000ae0                SAI1_IRQHandler
                0x0000000008000ae0                DMA1_Stream3_IRQHandler
 *fill*         0x0000000008000ae2        0x2 
 .text.HAL_Init
                0x0000000008000ae4       0x44 Drivers/STM32F4xx_HAL_Driver/Src/stm32f4xx_hal.o
                0x0000000008000ae4                HAL_Init
 .text.HAL_IncTick
                0x0000000008000b28       0x28 Drivers/STM32F4xx_HAL_Driver/Src/stm32f4xx_hal.o
                0x0000000008000b28                HAL_IncTick
 .text.HAL_GetTick
                0x0000000008000b50       0x18 Drivers/STM32F4xx_HAL_Driver/Src/stm32f4xx_hal.o
                0x0000000008000b50                HAL_GetTick
 .text.HAL_Delay
                0x0000000008000b68       0x44 Drivers/STM32F4xx_HAL_Driver/Src/stm32f4xx_hal.o
                0x0000000008000b68                HAL_Delay
 .text.__NVIC_SetPriorityGrouping
                0x0000000008000bac       0x48 Drivers/STM32F4xx_HAL_Driver/Src/stm32f4xx_hal_cortex.o
 .text.__NVIC_GetPriorityGrouping
                0x0000000008000bf4       0x1c Drivers/STM32F4xx_HAL_Driver/Src/stm32f4xx_hal_cortex.o
 .text.__NVIC_EnableIRQ
                0x0000000008000c10       0x3c Drivers/STM32F4xx_HAL_Driver/Src/stm32f4xx_hal_cortex.o
 .text.__NVIC_SetPriority
                0x0000000008000c4c       0x54 Drivers/STM32F4xx_HAL_Driver/Src/stm32f4xx_hal_cortex.o
 .text.NVIC_EncodePriority
                0x0000000008000ca0       0x66 Drivers/STM32F4xx_HAL_Driver/Src/stm32f4xx_hal_cortex.o
 .text.HAL_NVIC_SetPriorityGrouping
                0x0000000008000d06       0x16 Drivers/STM32F4xx_HAL_Driver/Src/stm32f4xx_hal_cortex.o
                0x0000000008000d06                HAL_NVIC_SetPriorityGrouping
 .text.HAL_NVIC_SetPriority
                0x0000000008000d1c       0x38 Drivers/STM32F4xx_HAL_Driver/Src/stm32f4xx_hal_cortex.o
                0x0000000008000d1c                HAL_NVIC_SetPriority
 .text.HAL_NVIC_EnableIRQ
                0x0000000008000d54       0x1c Drivers/STM32F4xx_HAL_Driver/Src/stm32f4xx_hal_cortex.o
                0x0000000008000d54                HAL_NVIC_EnableIRQ
 .text.HAL_GPIO_Init
                0x0000000008000d70      0x354 Drivers/STM32F4xx_HAL_Driver/Src/stm32f4xx_hal_gpio.o
                0x0000000008000d70                HAL_GPIO_Init
 .text.HAL_GPIO_WritePin
                0x00000000080010c4       0x32 Drivers/STM32F4xx_HAL_Driver/Src/stm32f4xx_hal_gpio.o
                0x00000000080010c4                HAL_GPIO_WritePin
 .text.HAL_GPIO_TogglePin
                0x00000000080010f6       0x36 Drivers/STM32F4xx_HAL_Driver/Src/stm32f4xx_hal_gpio.o
                0x00000000080010f6                HAL_GPIO_TogglePin
 .text.HAL_RCC_OscConfig
                0x000000000800112c      0x4e0 Drivers/STM32F4xx_HAL_Driver/Src/stm32f4xx_hal_rcc.o
                0x000000000800112c                HAL_RCC_OscConfig
 .text.HAL_RCC_ClockConfig
                0x000000000800160c      0x1cc Drivers/STM32F4xx_HAL_Driver/Src/stm32f4xx_hal_rcc.o
                0x000000000800160c                HAL_RCC_ClockConfig
 .text.HAL_RCC_GetSysClockFreq
                0x00000000080017d8      0x164 Drivers/STM32F4xx_HAL_Driver/Src/stm32f4xx_hal_rcc.o
                0x00000000080017d8                HAL_RCC_GetSysClockFreq
 .text.HAL_RCC_GetHCLKFreq
                0x000000000800193c       0x18 Drivers/STM32F4xx_HAL_Driver/Src/stm32f4xx_hal_rcc.o
                0x000000000800193c                HAL_RCC_GetHCLKFreq
 .text.HAL_RCC_GetPCLK2Freq
                0x0000000008001954       0x28 Drivers/STM32F4xx_HAL_Driver/Src/stm32f4xx_hal_rcc.o
                0x0000000008001954                HAL_RCC_GetPCLK2Freq
 .text.HAL_RCC_GetClockConfig
                0x000000000800197c       0x64 Drivers/STM32F4xx_HAL_Driver/Src/stm32f4xx_hal_rcc.o
                0x000000000800197c                HAL_RCC_GetClockConfig
 .text.HAL_TIM_Base_Init
                0x00000000080019e0       0x56 Drivers/STM32F4xx_HAL_Driver/Src/stm32f4xx_hal_tim.o
                0x00000000080019e0                HAL_TIM_Base_Init
 .text.HAL_TIM_Base_MspInit
                0x0000000008001a36       0x14 Drivers/STM32F4xx_HAL_Driver/Src/stm32f4xx_hal_tim.o
                0x0000000008001a36                HAL_TIM_Base_MspInit
 .text.HAL_TIM_Base_Start_IT
                0x0000000008001a4a       0x48 Drivers/STM32F4xx_HAL_Driver/Src/stm32f4xx_hal_tim.o
                0x0000000008001a4a                HAL_TIM_Base_Start_IT
 .text.HAL_TIM_IRQHandler
                0x0000000008001a92      0x210 Drivers/STM32F4xx_HAL_Driver/Src/stm32f4xx_hal_tim.o
                0x0000000008001a92                HAL_TIM_IRQHandler
 .text.HAL_TIM_OC_DelayElapsedCallback
                0x0000000008001ca2       0x14 Drivers/STM32F4xx_HAL_Driver/Src/stm32f4xx_hal_tim.o
                0x0000000008001ca2                HAL_TIM_OC_DelayElapsedCallback
 .text.HAL_TIM_IC_CaptureCallback
                0x0000000008001cb6       0x14 Drivers/STM32F4xx_HAL_Driver/Src/stm32f4xx_hal_tim.o
                0x0000000008001cb6                HAL_TIM_IC_CaptureCallback
 .text.HAL_TIM_PWM_PulseFinishedCallback
                0x0000000008001cca       0x14 Drivers/STM32F4xx_HAL_Driver/Src/stm32f4xx_hal_tim.o
                0x0000000008001cca                HAL_TIM_PWM_PulseFinishedCallback
 .text.HAL_TIM_TriggerCallback
                0x0000000008001cde       0x14 Drivers/STM32F4xx_HAL_Driver/Src/stm32f4xx_hal_tim.o
                0x0000000008001cde                HAL_TIM_TriggerCallback
 *fill*         0x0000000008001cf2        0x2 
 .text.TIM_Base_SetConfig
                0x0000000008001cf4      0x140 Drivers/STM32F4xx_HAL_Driver/Src/stm32f4xx_hal_tim.o
                0x0000000008001cf4                TIM_Base_SetConfig
 .text.HAL_TIMEx_CommutCallback
                0x0000000008001e34       0x14 Drivers/STM32F4xx_HAL_Driver/Src/stm32f4xx_hal_tim_ex.o
                0x0000000008001e34                HAL_TIMEx_CommutCallback
 .text.HAL_TIMEx_BreakCallback
                0x0000000008001e48       0x14 Drivers/STM32F4xx_HAL_Driver/Src/stm32f4xx_hal_tim_ex.o
                0x0000000008001e48                HAL_TIMEx_BreakCallback
 .text.makeFreeRtosPriority
                0x0000000008001e5c       0x30 Middlewares/Third_Party/FreeRTOS/Source/CMSIS_RTOS/cmsis_os.o
 .text.osKernelStart
                0x0000000008001e8c        0xe Middlewares/Third_Party/FreeRTOS/Source/CMSIS_RTOS/cmsis_os.o
                0x0000000008001e8c                osKernelStart
 .text.osThreadCreate
                0x0000000008001e9a       0x98 Middlewares/Third_Party/FreeRTOS/Source/CMSIS_RTOS/cmsis_os.o
                0x0000000008001e9a                osThreadCreate
 .text.osDelay  0x0000000008001f32       0x28 Middlewares/Third_Party/FreeRTOS/Source/CMSIS_RTOS/cmsis_os.o
                0x0000000008001f32                osDelay
 .text.vListInitialise
                0x0000000008001f5a       0x40 Middlewares/Third_Party/FreeRTOS/Source/list.o
                0x0000000008001f5a                vListInitialise
 .text.vListInitialiseItem
                0x0000000008001f9a       0x1a Middlewares/Third_Party/FreeRTOS/Source/list.o
                0x0000000008001f9a                vListInitialiseItem
 .text.vListInsertEnd
                0x0000000008001fb4       0x48 Middlewares/Third_Party/FreeRTOS/Source/list.o
                0x0000000008001fb4                vListInsertEnd
 .text.vListInsert
                0x0000000008001ffc       0x72 Middlewares/Third_Party/FreeRTOS/Source/list.o
                0x0000000008001ffc                vListInsert
 .text.uxListRemove
                0x000000000800206e       0x54 Middlewares/Third_Party/FreeRTOS/Source/list.o
                0x000000000800206e                uxListRemove
 *fill*         0x00000000080020c2        0x2 
 .text.xQueueGenericReset
                0x00000000080020c4       0xd0 Middlewares/Third_Party/FreeRTOS/Source/queue.o
                0x00000000080020c4                xQueueGenericReset
 .text.xQueueGenericCreate
                0x0000000008002194       0x7e Middlewares/Third_Party/FreeRTOS/Source/queue.o
                0x0000000008002194                xQueueGenericCreate
 .text.prvInitialiseNewQueue
                0x0000000008002212       0x3e Middlewares/Third_Party/FreeRTOS/Source/queue.o
 .text.prvInitialiseMutex
                0x0000000008002250       0x34 Middlewares/Third_Party/FreeRTOS/Source/queue.o
 .text.xQueueCreateMutex
                0x0000000008002284       0x30 Middlewares/Third_Party/FreeRTOS/Source/queue.o
                0x0000000008002284                xQueueCreateMutex
 .text.xQueueGenericSend
                0x00000000080022b4      0x1f4 Middlewares/Third_Party/FreeRTOS/Source/queue.o
                0x00000000080022b4                xQueueGenericSend
 .text.xQueueReceive
                0x00000000080024a8      0x1b8 Middlewares/Third_Party/FreeRTOS/Source/queue.o
                0x00000000080024a8                xQueueReceive
 .text.xQueueSemaphoreTake
                0x0000000008002660      0x210 Middlewares/Third_Party/FreeRTOS/Source/queue.o
                0x0000000008002660                xQueueSemaphoreTake
 .text.prvGetDisinheritPriorityAfterTimeout
                0x0000000008002870       0x30 Middlewares/Third_Party/FreeRTOS/Source/queue.o
 .text.prvCopyDataToQueue
                0x00000000080028a0       0xd4 Middlewares/Third_Party/FreeRTOS/Source/queue.o
 .text.prvCopyDataFromQueue
                0x0000000008002974       0x4c Middlewares/Third_Party/FreeRTOS/Source/queue.o
 .text.prvUnlockQueue
                0x00000000080029c0       0xa4 Middlewares/Third_Party/FreeRTOS/Source/queue.o
 .text.prvIsQueueEmpty
                0x0000000008002a64       0x2c Middlewares/Third_Party/FreeRTOS/Source/queue.o
 .text.prvIsQueueFull
                0x0000000008002a90       0x30 Middlewares/Third_Party/FreeRTOS/Source/queue.o
 .text.xTaskCreateStatic
                0x0000000008002ac0       0xb4 Middlewares/Third_Party/FreeRTOS/Source/tasks.o
                0x0000000008002ac0                xTaskCreateStatic
 .text.xTaskCreate
                0x0000000008002b74       0x8a Middlewares/Third_Party/FreeRTOS/Source/tasks.o
                0x0000000008002b74                xTaskCreate
 .text.prvInitialiseNewTask
                0x0000000008002bfe      0x10c Middlewares/Third_Party/FreeRTOS/Source/tasks.o
 *fill*         0x0000000008002d0a        0x2 
 .text.prvAddNewTaskToReadyList
                0x0000000008002d0c       0xd4 Middlewares/Third_Party/FreeRTOS/Source/tasks.o
 .text.vTaskDelay
                0x0000000008002de0       0x68 Middlewares/Third_Party/FreeRTOS/Source/tasks.o
                0x0000000008002de0                vTaskDelay
 .text.vTaskStartScheduler
                0x0000000008002e48       0xbc Middlewares/Third_Party/FreeRTOS/Source/tasks.o
                0x0000000008002e48                vTaskStartScheduler
 .text.vTaskSuspendAll
                0x0000000008002f04       0x1c Middlewares/Third_Party/FreeRTOS/Source/tasks.o
                0x0000000008002f04                vTaskSuspendAll
 .text.xTaskResumeAll
                0x0000000008002f20      0x138 Middlewares/Third_Party/FreeRTOS/Source/tasks.o
                0x0000000008002f20                xTaskResumeAll
 .text.xTaskIncrementTick
                0x0000000008003058      0x170 Middlewares/Third_Party/FreeRTOS/Source/tasks.o
                0x0000000008003058                xTaskIncrementTick
 .text.vTaskSwitchContext
                0x00000000080031c8       0xb4 Middlewares/Third_Party/FreeRTOS/Source/tasks.o
                0x00000000080031c8                vTaskSwitchContext
 .text.vTaskPlaceOnEventList
                0x000000000800327c       0x48 Middlewares/Third_Party/FreeRTOS/Source/tasks.o
                0x000000000800327c                vTaskPlaceOnEventList
 .text.xTaskRemoveFromEventList
                0x00000000080032c4       0xc4 Middlewares/Third_Party/FreeRTOS/Source/tasks.o
                0x00000000080032c4                xTaskRemoveFromEventList
 .text.vTaskInternalSetTimeOutState
                0x0000000008003388       0x2c Middlewares/Third_Party/FreeRTOS/Source/tasks.o
                0x0000000008003388                vTaskInternalSetTimeOutState
 .text.xTaskCheckForTimeOut
                0x00000000080033b4       0xc0 Middlewares/Third_Party/FreeRTOS/Source/tasks.o
                0x00000000080033b4                xTaskCheckForTimeOut
 .text.vTaskMissedYield
                0x0000000008003474       0x18 Middlewares/Third_Party/FreeRTOS/Source/tasks.o
                0x0000000008003474                vTaskMissedYield
 .text.prvIdleTask
                0x000000000800348c       0x30 Middlewares/Third_Party/FreeRTOS/Source/tasks.o
 .text.prvInitialiseTaskLists
                0x00000000080034bc       0x80 Middlewares/Third_Party/FreeRTOS/Source/tasks.o
 .text.prvCheckTasksWaitingTermination
                0x000000000800353c       0x58 Middlewares/Third_Party/FreeRTOS/Source/tasks.o
 .text.prvDeleteTCB
                0x0000000008003594       0x5c Middlewares/Third_Party/FreeRTOS/Source/tasks.o
 .text.prvResetNextTaskUnblockTime
                0x00000000080035f0       0x40 Middlewares/Third_Party/FreeRTOS/Source/tasks.o
 .text.xTaskGetSchedulerState
                0x0000000008003630       0x3c Middlewares/Third_Party/FreeRTOS/Source/tasks.o
                0x0000000008003630                xTaskGetSchedulerState
 .text.xTaskPriorityInherit
                0x000000000800366c      0x100 Middlewares/Third_Party/FreeRTOS/Source/tasks.o
                0x000000000800366c                xTaskPriorityInherit
 .text.xTaskPriorityDisinherit
                0x000000000800376c      0x108 Middlewares/Third_Party/FreeRTOS/Source/tasks.o
                0x000000000800376c                xTaskPriorityDisinherit
 .text.vTaskPriorityDisinheritAfterTimeout
                0x0000000008003874      0x130 Middlewares/Third_Party/FreeRTOS/Source/tasks.o
                0x0000000008003874                vTaskPriorityDisinheritAfterTimeout
 .text.pvTaskIncrementMutexHeldCount
                0x00000000080039a4       0x28 Middlewares/Third_Party/FreeRTOS/Source/tasks.o
                0x00000000080039a4                pvTaskIncrementMutexHeldCount
 .text.prvAddCurrentTaskToDelayedList
                0x00000000080039cc       0xcc Middlewares/Third_Party/FreeRTOS/Source/tasks.o
 .text.pxPortInitialiseStack
                0x0000000008003a98       0x68 Middlewares/Third_Party/FreeRTOS/Source/portable/GCC/ARM_CM4F/port.o
                0x0000000008003a98                pxPortInitialiseStack
 .text.prvTaskExitError
                0x0000000008003b00       0x54 Middlewares/Third_Party/FreeRTOS/Source/portable/GCC/ARM_CM4F/port.o
 *fill*         0x0000000008003b54        0xc 
 .text.SVC_Handler
                0x0000000008003b60       0x28 Middlewares/Third_Party/FreeRTOS/Source/portable/GCC/ARM_CM4F/port.o
                0x0000000008003b60                SVC_Handler
 .text.prvPortStartFirstTask
                0x0000000008003b88       0x28 Middlewares/Third_Party/FreeRTOS/Source/portable/GCC/ARM_CM4F/port.o
 .text.xPortStartScheduler
                0x0000000008003bb0      0x13c Middlewares/Third_Party/FreeRTOS/Source/portable/GCC/ARM_CM4F/port.o
                0x0000000008003bb0                xPortStartScheduler
 .text.vPortEnterCritical
                0x0000000008003cec       0x5c Middlewares/Third_Party/FreeRTOS/Source/portable/GCC/ARM_CM4F/port.o
                0x0000000008003cec                vPortEnterCritical
 .text.vPortExitCritical
                0x0000000008003d48       0x50 Middlewares/Third_Party/FreeRTOS/Source/portable/GCC/ARM_CM4F/port.o
                0x0000000008003d48                vPortExitCritical
 *fill*         0x0000000008003d98        0x8 
 .text.PendSV_Handler
                0x0000000008003da0       0x68 Middlewares/Third_Party/FreeRTOS/Source/portable/GCC/ARM_CM4F/port.o
                0x0000000008003da0                PendSV_Handler
 .text.SysTick_Handler
                0x0000000008003e08       0x40 Middlewares/Third_Party/FreeRTOS/Source/portable/GCC/ARM_CM4F/port.o
                0x0000000008003e08                SysTick_Handler
 .text.vPortSetupTimerInterrupt
                0x0000000008003e48       0x48 Middlewares/Third_Party/FreeRTOS/Source/portable/GCC/ARM_CM4F/port.o
                0x0000000008003e48                vPortSetupTimerInterrupt
 .text.vPortEnableVFP
                0x0000000008003e90       0x14 Middlewares/Third_Party/FreeRTOS/Source/portable/GCC/ARM_CM4F/port.o
 .text.pvPortMalloc
                0x0000000008003ea4      0x184 Middlewares/Third_Party/FreeRTOS/Source/portable/MemMang/heap_4.o
                0x0000000008003ea4                pvPortMalloc
 .text.vPortFree
                0x0000000008004028       0xb0 Middlewares/Third_Party/FreeRTOS/Source/portable/MemMang/heap_4.o
                0x0000000008004028                vPortFree
 .text.prvHeapInit
                0x00000000080040d8       0xc4 Middlewares/Third_Party/FreeRTOS/Source/portable/MemMang/heap_4.o
 .text.prvInsertBlockIntoFreeList
                0x000000000800419c       0xb4 Middlewares/Third_Party/FreeRTOS/Source/portable/MemMang/heap_4.o
 .text.__libc_init_array
                0x0000000008004250       0x48 e:/software/stm32cubeide_1.3.0/stm32cubeide/plugins/com.st.stm32cube.ide.mcu.externaltools.gnu-tools-for-stm32.7-2018-q2-update.win32_1.0.0.201904181610/tools/bin/../lib/gcc/arm-none-eabi/7.3.1/../../../../arm-none-eabi/lib/thumb/v7e-m/fpv4-sp/hard\libc_nano.a(lib_a-init.o)
                0x0000000008004250                __libc_init_array
 .text.memcpy   0x0000000008004298       0x16 e:/software/stm32cubeide_1.3.0/stm32cubeide/plugins/com.st.stm32cube.ide.mcu.externaltools.gnu-tools-for-stm32.7-2018-q2-update.win32_1.0.0.201904181610/tools/bin/../lib/gcc/arm-none-eabi/7.3.1/../../../../arm-none-eabi/lib/thumb/v7e-m/fpv4-sp/hard\libc_nano.a(lib_a-memcpy-stub.o)
                0x0000000008004298                memcpy
 .text.memset   0x00000000080042ae       0x10 e:/software/stm32cubeide_1.3.0/stm32cubeide/plugins/com.st.stm32cube.ide.mcu.externaltools.gnu-tools-for-stm32.7-2018-q2-update.win32_1.0.0.201904181610/tools/bin/../lib/gcc/arm-none-eabi/7.3.1/../../../../arm-none-eabi/lib/thumb/v7e-m/fpv4-sp/hard\libc_nano.a(lib_a-memset.o)
                0x00000000080042ae                memset
 *(.glue_7)
 .glue_7        0x00000000080042be        0x0 linker stubs
 *(.glue_7t)
 .glue_7t       0x00000000080042be        0x0 linker stubs
 *(.eh_frame)
 *fill*         0x00000000080042be        0x2 
 .eh_frame      0x00000000080042c0        0x0 e:/software/stm32cubeide_1.3.0/stm32cubeide/plugins/com.st.stm32cube.ide.mcu.externaltools.gnu-tools-for-stm32.7-2018-q2-update.win32_1.0.0.201904181610/tools/bin/../lib/gcc/arm-none-eabi/7.3.1/thumb/v7e-m/fpv4-sp/hard/crtbegin.o
 *(.init)
 .init          0x00000000080042c0        0x4 e:/software/stm32cubeide_1.3.0/stm32cubeide/plugins/com.st.stm32cube.ide.mcu.externaltools.gnu-tools-for-stm32.7-2018-q2-update.win32_1.0.0.201904181610/tools/bin/../lib/gcc/arm-none-eabi/7.3.1/thumb/v7e-m/fpv4-sp/hard/crti.o
                0x00000000080042c0                _init
 .init          0x00000000080042c4        0x8 e:/software/stm32cubeide_1.3.0/stm32cubeide/plugins/com.st.stm32cube.ide.mcu.externaltools.gnu-tools-for-stm32.7-2018-q2-update.win32_1.0.0.201904181610/tools/bin/../lib/gcc/arm-none-eabi/7.3.1/thumb/v7e-m/fpv4-sp/hard/crtn.o
 *(.fini)
 .fini          0x00000000080042cc        0x4 e:/software/stm32cubeide_1.3.0/stm32cubeide/plugins/com.st.stm32cube.ide.mcu.externaltools.gnu-tools-for-stm32.7-2018-q2-update.win32_1.0.0.201904181610/tools/bin/../lib/gcc/arm-none-eabi/7.3.1/thumb/v7e-m/fpv4-sp/hard/crti.o
                0x00000000080042cc                _fini
 .fini          0x00000000080042d0        0x8 e:/software/stm32cubeide_1.3.0/stm32cubeide/plugins/com.st.stm32cube.ide.mcu.externaltools.gnu-tools-for-stm32.7-2018-q2-update.win32_1.0.0.201904181610/tools/bin/../lib/gcc/arm-none-eabi/7.3.1/thumb/v7e-m/fpv4-sp/hard/crtn.o
                0x00000000080042d8                . = ALIGN (0x4)
                0x00000000080042d8                _etext = .

.vfp11_veneer   0x00000000080042d8        0x0
 .vfp11_veneer  0x00000000080042d8        0x0 linker stubs

.v4_bx          0x00000000080042d8        0x0
 .v4_bx         0x00000000080042d8        0x0 linker stubs

.iplt           0x00000000080042d8        0x0
 .iplt          0x00000000080042d8        0x0 e:/software/stm32cubeide_1.3.0/stm32cubeide/plugins/com.st.stm32cube.ide.mcu.externaltools.gnu-tools-for-stm32.7-2018-q2-update.win32_1.0.0.201904181610/tools/bin/../lib/gcc/arm-none-eabi/7.3.1/thumb/v7e-m/fpv4-sp/hard/crtbegin.o

.rodata         0x00000000080042d8       0xc0
                0x00000000080042d8                . = ALIGN (0x4)
 *(.rodata)
 .rodata        0x00000000080042d8       0xa0 Core/Src/main.o
 .rodata        0x0000000008004378        0x5 Middlewares/Third_Party/FreeRTOS/Source/tasks.o
 *(.rodata*)
 *fill*         0x000000000800437d        0x3 
 .rodata.AHBPrescTable
                0x0000000008004380       0x10 Core/Src/system_stm32f4xx.o
                0x0000000008004380                AHBPrescTable
 .rodata.APBPrescTable
                0x0000000008004390        0x8 Core/Src/system_stm32f4xx.o
                0x0000000008004390                APBPrescTable
                0x0000000008004398                . = ALIGN (0x4)

.ARM.extab      0x0000000008004398        0x0
                0x0000000008004398                . = ALIGN (0x4)
 *(.ARM.extab* .gnu.linkonce.armextab.*)
                0x0000000008004398                . = ALIGN (0x4)

.ARM            0x0000000008004398        0x8
                0x0000000008004398                . = ALIGN (0x4)
                0x0000000008004398                __exidx_start = .
 *(.ARM.exidx*)
 .ARM.exidx     0x0000000008004398        0x8 e:/software/stm32cubeide_1.3.0/stm32cubeide/plugins/com.st.stm32cube.ide.mcu.externaltools.gnu-tools-for-stm32.7-2018-q2-update.win32_1.0.0.201904181610/tools/bin/../lib/gcc/arm-none-eabi/7.3.1/thumb/v7e-m/fpv4-sp/hard\libgcc.a(_udivmoddi4.o)
                0x00000000080043a0                __exidx_end = .
                0x00000000080043a0                . = ALIGN (0x4)

.rel.dyn        0x00000000080043a0        0x0
 .rel.iplt      0x00000000080043a0        0x0 e:/software/stm32cubeide_1.3.0/stm32cubeide/plugins/com.st.stm32cube.ide.mcu.externaltools.gnu-tools-for-stm32.7-2018-q2-update.win32_1.0.0.201904181610/tools/bin/../lib/gcc/arm-none-eabi/7.3.1/thumb/v7e-m/fpv4-sp/hard/crtbegin.o

.preinit_array  0x00000000080043a0        0x0
                0x00000000080043a0                . = ALIGN (0x4)
                0x00000000080043a0                PROVIDE (__preinit_array_start = .)
 *(.preinit_array*)
                0x00000000080043a0                PROVIDE (__preinit_array_end = .)
                0x00000000080043a0                . = ALIGN (0x4)

.init_array     0x00000000080043a0        0x4
                0x00000000080043a0                . = ALIGN (0x4)
                0x00000000080043a0                PROVIDE (__init_array_start = .)
 *(SORT_BY_NAME(.init_array.*))
 *(.init_array*)
 .init_array    0x00000000080043a0        0x4 e:/software/stm32cubeide_1.3.0/stm32cubeide/plugins/com.st.stm32cube.ide.mcu.externaltools.gnu-tools-for-stm32.7-2018-q2-update.win32_1.0.0.201904181610/tools/bin/../lib/gcc/arm-none-eabi/7.3.1/thumb/v7e-m/fpv4-sp/hard/crtbegin.o
                0x00000000080043a4                PROVIDE (__init_array_end = .)
                0x00000000080043a4                . = ALIGN (0x4)

.fini_array     0x00000000080043a4        0x4
                0x00000000080043a4                . = ALIGN (0x4)
                [!provide]                        PROVIDE (__fini_array_start = .)
 *(SORT_BY_NAME(.fini_array.*))
 *(.fini_array*)
 .fini_array    0x00000000080043a4        0x4 e:/software/stm32cubeide_1.3.0/stm32cubeide/plugins/com.st.stm32cube.ide.mcu.externaltools.gnu-tools-for-stm32.7-2018-q2-update.win32_1.0.0.201904181610/tools/bin/../lib/gcc/arm-none-eabi/7.3.1/thumb/v7e-m/fpv4-sp/hard/crtbegin.o
                [!provide]                        PROVIDE (__fini_array_end = .)
                0x00000000080043a8                . = ALIGN (0x4)
                0x00000000080043a8                _sidata = LOADADDR (.data)

.data           0x0000000020000000       0x10 load address 0x00000000080043a8
                0x0000000020000000                . = ALIGN (0x4)
                0x0000000020000000                _sdata = .
 *(.data)
 *(.data*)
 .data.SystemCoreClock
                0x0000000020000000        0x4 Core/Src/system_stm32f4xx.o
                0x0000000020000000                SystemCoreClock
 .data.uwTickPrio
                0x0000000020000004        0x4 Drivers/STM32F4xx_HAL_Driver/Src/stm32f4xx_hal.o
                0x0000000020000004                uwTickPrio
 .data.uwTickFreq
                0x0000000020000008        0x1 Drivers/STM32F4xx_HAL_Driver/Src/stm32f4xx_hal.o
                0x0000000020000008                uwTickFreq
 *fill*         0x0000000020000009        0x3 
 .data.uxCriticalNesting
                0x000000002000000c        0x4 Middlewares/Third_Party/FreeRTOS/Source/portable/GCC/ARM_CM4F/port.o
                0x0000000020000010                . = ALIGN (0x4)
                0x0000000020000010                _edata = .

.igot.plt       0x0000000020000010        0x0 load address 0x00000000080043b8
 .igot.plt      0x0000000020000010        0x0 e:/software/stm32cubeide_1.3.0/stm32cubeide/plugins/com.st.stm32cube.ide.mcu.externaltools.gnu-tools-for-stm32.7-2018-q2-update.win32_1.0.0.201904181610/tools/bin/../lib/gcc/arm-none-eabi/7.3.1/thumb/v7e-m/fpv4-sp/hard/crtbegin.o
                0x0000000020000010                . = ALIGN (0x4)

.bss            0x0000000020000010     0x401c load address 0x00000000080043b8
                0x0000000020000010                _sbss = .
                0x0000000020000010                __bss_start__ = _sbss
 *(.bss)
 .bss           0x0000000020000010       0x1c e:/software/stm32cubeide_1.3.0/stm32cubeide/plugins/com.st.stm32cube.ide.mcu.externaltools.gnu-tools-for-stm32.7-2018-q2-update.win32_1.0.0.201904181610/tools/bin/../lib/gcc/arm-none-eabi/7.3.1/thumb/v7e-m/fpv4-sp/hard/crtbegin.o
 *(.bss*)
 .bss.xIdleTaskTCBBuffer
                0x000000002000002c       0x54 Core/Src/freertos.o
 .bss.xIdleStack
                0x0000000020000080      0x200 Core/Src/freertos.o
 .bss.pxCurrentTCB
                0x0000000020000280        0x4 Middlewares/Third_Party/FreeRTOS/Source/tasks.o
                0x0000000020000280                pxCurrentTCB
 .bss.pxReadyTasksLists
                0x0000000020000284       0x8c Middlewares/Third_Party/FreeRTOS/Source/tasks.o
 .bss.xDelayedTaskList1
                0x0000000020000310       0x14 Middlewares/Third_Party/FreeRTOS/Source/tasks.o
 .bss.xDelayedTaskList2
                0x0000000020000324       0x14 Middlewares/Third_Party/FreeRTOS/Source/tasks.o
 .bss.pxDelayedTaskList
                0x0000000020000338        0x4 Middlewares/Third_Party/FreeRTOS/Source/tasks.o
 .bss.pxOverflowDelayedTaskList
                0x000000002000033c        0x4 Middlewares/Third_Party/FreeRTOS/Source/tasks.o
 .bss.xPendingReadyList
                0x0000000020000340       0x14 Middlewares/Third_Party/FreeRTOS/Source/tasks.o
 .bss.xTasksWaitingTermination
                0x0000000020000354       0x14 Middlewares/Third_Party/FreeRTOS/Source/tasks.o
 .bss.uxDeletedTasksWaitingCleanUp
                0x0000000020000368        0x4 Middlewares/Third_Party/FreeRTOS/Source/tasks.o
 .bss.xSuspendedTaskList
                0x000000002000036c       0x14 Middlewares/Third_Party/FreeRTOS/Source/tasks.o
 .bss.uxCurrentNumberOfTasks
                0x0000000020000380        0x4 Middlewares/Third_Party/FreeRTOS/Source/tasks.o
 .bss.xTickCount
                0x0000000020000384        0x4 Middlewares/Third_Party/FreeRTOS/Source/tasks.o
 .bss.uxTopReadyPriority
                0x0000000020000388        0x4 Middlewares/Third_Party/FreeRTOS/Source/tasks.o
 .bss.xSchedulerRunning
                0x000000002000038c        0x4 Middlewares/Third_Party/FreeRTOS/Source/tasks.o
 .bss.uxPendedTicks
                0x0000000020000390        0x4 Middlewares/Third_Party/FreeRTOS/Source/tasks.o
 .bss.xYieldPending
                0x0000000020000394        0x4 Middlewares/Third_Party/FreeRTOS/Source/tasks.o
 .bss.xNumOfOverflows
                0x0000000020000398        0x4 Middlewares/Third_Party/FreeRTOS/Source/tasks.o
 .bss.uxTaskNumber
                0x000000002000039c        0x4 Middlewares/Third_Party/FreeRTOS/Source/tasks.o
 .bss.xNextTaskUnblockTime
                0x00000000200003a0        0x4 Middlewares/Third_Party/FreeRTOS/Source/tasks.o
 .bss.xIdleTaskHandle
                0x00000000200003a4        0x4 Middlewares/Third_Party/FreeRTOS/Source/tasks.o
 .bss.uxSchedulerSuspended
                0x00000000200003a8        0x4 Middlewares/Third_Party/FreeRTOS/Source/tasks.o
 .bss.ucMaxSysCallPriority
                0x00000000200003ac        0x1 Middlewares/Third_Party/FreeRTOS/Source/portable/GCC/ARM_CM4F/port.o
 *fill*         0x00000000200003ad        0x3 
 .bss.ulMaxPRIGROUPValue
                0x00000000200003b0        0x4 Middlewares/Third_Party/FreeRTOS/Source/portable/GCC/ARM_CM4F/port.o
 .bss.ucHeap    0x00000000200003b4     0x3c00 Middlewares/Third_Party/FreeRTOS/Source/portable/MemMang/heap_4.o
 .bss.xStart    0x0000000020003fb4        0x8 Middlewares/Third_Party/FreeRTOS/Source/portable/MemMang/heap_4.o
 .bss.pxEnd     0x0000000020003fbc        0x4 Middlewares/Third_Party/FreeRTOS/Source/portable/MemMang/heap_4.o
 .bss.xFreeBytesRemaining
                0x0000000020003fc0        0x4 Middlewares/Third_Party/FreeRTOS/Source/portable/MemMang/heap_4.o
 .bss.xMinimumEverFreeBytesRemaining
                0x0000000020003fc4        0x4 Middlewares/Third_Party/FreeRTOS/Source/portable/MemMang/heap_4.o
 .bss.xBlockAllocatedBit
                0x0000000020003fc8        0x4 Middlewares/Third_Party/FreeRTOS/Source/portable/MemMang/heap_4.o
 *(COMMON)
 COMMON         0x0000000020003fcc       0x1c Core/Src/main.o
                0x0000000020003fcc                defaultTaskHandle
                0x0000000020003fd0                q2
                0x0000000020003fd4                xSemaphore
                0x0000000020003fd8                myTask04Handle
                0x0000000020003fdc                myTask02Handle
                0x0000000020003fe0                q1
                0x0000000020003fe4                myTask03Handle
 COMMON         0x0000000020003fe8       0x40 Core/Src/stm32f4xx_hal_timebase_tim.o
                0x0000000020003fe8                htim1
 COMMON         0x0000000020004028        0x4 Drivers/STM32F4xx_HAL_Driver/Src/stm32f4xx_hal.o
                0x0000000020004028                uwTick
                0x000000002000402c                . = ALIGN (0x4)
                0x000000002000402c                _ebss = .
                0x000000002000402c                __bss_end__ = _ebss

._user_heap_stack
                0x000000002000402c      0x604 load address 0x00000000080043b8
                0x0000000020004030                . = ALIGN (0x8)
 *fill*         0x000000002000402c        0x4 
                0x0000000020004030                PROVIDE (end = .)
                [!provide]                        PROVIDE (_end = .)
                0x0000000020004230                . = (. + _Min_Heap_Size)
 *fill*         0x0000000020004030      0x200 
                0x0000000020004630                . = (. + _Min_Stack_Size)
 *fill*         0x0000000020004230      0x400 
                0x0000000020004630                . = ALIGN (0x8)

/DISCARD/
 libc.a(*)
 libm.a(*)
 libgcc.a(*)

.ARM.attributes
                0x0000000000000000       0x30
 *(.ARM.attributes)
 .ARM.attributes
                0x0000000000000000       0x22 e:/software/stm32cubeide_1.3.0/stm32cubeide/plugins/com.st.stm32cube.ide.mcu.externaltools.gnu-tools-for-stm32.7-2018-q2-update.win32_1.0.0.201904181610/tools/bin/../lib/gcc/arm-none-eabi/7.3.1/thumb/v7e-m/fpv4-sp/hard/crti.o
 .ARM.attributes
                0x0000000000000022       0x34 e:/software/stm32cubeide_1.3.0/stm32cubeide/plugins/com.st.stm32cube.ide.mcu.externaltools.gnu-tools-for-stm32.7-2018-q2-update.win32_1.0.0.201904181610/tools/bin/../lib/gcc/arm-none-eabi/7.3.1/thumb/v7e-m/fpv4-sp/hard/crtbegin.o
 .ARM.attributes
                0x0000000000000056       0x39 Core/Src/freertos.o
 .ARM.attributes
                0x000000000000008f       0x39 Core/Src/main.o
 .ARM.attributes
                0x00000000000000c8       0x39 Core/Src/stm32f4xx_hal_msp.o
 .ARM.attributes
                0x0000000000000101       0x39 Core/Src/stm32f4xx_hal_timebase_tim.o
 .ARM.attributes
                0x000000000000013a       0x39 Core/Src/stm32f4xx_it.o
 .ARM.attributes
                0x0000000000000173       0x39 Core/Src/system_stm32f4xx.o
 .ARM.attributes
                0x00000000000001ac       0x21 Core/Startup/startup_stm32f429zitx.o
 .ARM.attributes
                0x00000000000001cd       0x39 Drivers/STM32F4xx_HAL_Driver/Src/stm32f4xx_hal.o
 .ARM.attributes
                0x0000000000000206       0x39 Drivers/STM32F4xx_HAL_Driver/Src/stm32f4xx_hal_cortex.o
 .ARM.attributes
                0x000000000000023f       0x39 Drivers/STM32F4xx_HAL_Driver/Src/stm32f4xx_hal_gpio.o
 .ARM.attributes
                0x0000000000000278       0x39 Drivers/STM32F4xx_HAL_Driver/Src/stm32f4xx_hal_rcc.o
 .ARM.attributes
                0x00000000000002b1       0x39 Drivers/STM32F4xx_HAL_Driver/Src/stm32f4xx_hal_tim.o
 .ARM.attributes
                0x00000000000002ea       0x39 Drivers/STM32F4xx_HAL_Driver/Src/stm32f4xx_hal_tim_ex.o
 .ARM.attributes
                0x0000000000000323       0x39 Middlewares/Third_Party/FreeRTOS/Source/CMSIS_RTOS/cmsis_os.o
 .ARM.attributes
                0x000000000000035c       0x39 Middlewares/Third_Party/FreeRTOS/Source/list.o
 .ARM.attributes
                0x0000000000000395       0x39 Middlewares/Third_Party/FreeRTOS/Source/queue.o
 .ARM.attributes
                0x00000000000003ce       0x39 Middlewares/Third_Party/FreeRTOS/Source/tasks.o
 .ARM.attributes
                0x0000000000000407       0x39 Middlewares/Third_Party/FreeRTOS/Source/portable/GCC/ARM_CM4F/port.o
 .ARM.attributes
                0x0000000000000440       0x39 Middlewares/Third_Party/FreeRTOS/Source/portable/MemMang/heap_4.o
 .ARM.attributes
                0x0000000000000479       0x34 e:/software/stm32cubeide_1.3.0/stm32cubeide/plugins/com.st.stm32cube.ide.mcu.externaltools.gnu-tools-for-stm32.7-2018-q2-update.win32_1.0.0.201904181610/tools/bin/../lib/gcc/arm-none-eabi/7.3.1/../../../../arm-none-eabi/lib/thumb/v7e-m/fpv4-sp/hard\libc_nano.a(lib_a-init.o)
 .ARM.attributes
                0x00000000000004ad       0x34 e:/software/stm32cubeide_1.3.0/stm32cubeide/plugins/com.st.stm32cube.ide.mcu.externaltools.gnu-tools-for-stm32.7-2018-q2-update.win32_1.0.0.201904181610/tools/bin/../lib/gcc/arm-none-eabi/7.3.1/../../../../arm-none-eabi/lib/thumb/v7e-m/fpv4-sp/hard\libc_nano.a(lib_a-memcpy-stub.o)
 .ARM.attributes
                0x00000000000004e1       0x34 e:/software/stm32cubeide_1.3.0/stm32cubeide/plugins/com.st.stm32cube.ide.mcu.externaltools.gnu-tools-for-stm32.7-2018-q2-update.win32_1.0.0.201904181610/tools/bin/../lib/gcc/arm-none-eabi/7.3.1/../../../../arm-none-eabi/lib/thumb/v7e-m/fpv4-sp/hard\libc_nano.a(lib_a-memset.o)
 .ARM.attributes
                0x0000000000000515       0x22 e:/software/stm32cubeide_1.3.0/stm32cubeide/plugins/com.st.stm32cube.ide.mcu.externaltools.gnu-tools-for-stm32.7-2018-q2-update.win32_1.0.0.201904181610/tools/bin/../lib/gcc/arm-none-eabi/7.3.1/thumb/v7e-m/fpv4-sp/hard\libgcc.a(_aeabi_uldivmod.o)
 .ARM.attributes
                0x0000000000000537       0x34 e:/software/stm32cubeide_1.3.0/stm32cubeide/plugins/com.st.stm32cube.ide.mcu.externaltools.gnu-tools-for-stm32.7-2018-q2-update.win32_1.0.0.201904181610/tools/bin/../lib/gcc/arm-none-eabi/7.3.1/thumb/v7e-m/fpv4-sp/hard\libgcc.a(_udivmoddi4.o)
 .ARM.attributes
                0x000000000000056b       0x22 e:/software/stm32cubeide_1.3.0/stm32cubeide/plugins/com.st.stm32cube.ide.mcu.externaltools.gnu-tools-for-stm32.7-2018-q2-update.win32_1.0.0.201904181610/tools/bin/../lib/gcc/arm-none-eabi/7.3.1/thumb/v7e-m/fpv4-sp/hard\libgcc.a(_dvmd_tls.o)
 .ARM.attributes
                0x000000000000058d       0x22 e:/software/stm32cubeide_1.3.0/stm32cubeide/plugins/com.st.stm32cube.ide.mcu.externaltools.gnu-tools-for-stm32.7-2018-q2-update.win32_1.0.0.201904181610/tools/bin/../lib/gcc/arm-none-eabi/7.3.1/thumb/v7e-m/fpv4-sp/hard/crtn.o
OUTPUT(lab4.elf elf32-littlearm)

.debug_info     0x0000000000000000    0x10e47
 .debug_info    0x0000000000000000      0x344 Core/Src/freertos.o
 .debug_info    0x0000000000000344      0xf91 Core/Src/main.o
 .debug_info    0x00000000000012d5      0x5d6 Core/Src/stm32f4xx_hal_msp.o
 .debug_info    0x00000000000018ab      0xb7d Core/Src/stm32f4xx_hal_timebase_tim.o
 .debug_info    0x0000000000002428      0x6bf Core/Src/stm32f4xx_it.o
 .debug_info    0x0000000000002ae7      0x56e Core/Src/system_stm32f4xx.o
 .debug_info    0x0000000000003055       0x22 Core/Startup/startup_stm32f429zitx.o
 .debug_info    0x0000000000003077      0x9b9 Drivers/STM32F4xx_HAL_Driver/Src/stm32f4xx_hal.o
 .debug_info    0x0000000000003a30      0xe5e Drivers/STM32F4xx_HAL_Driver/Src/stm32f4xx_hal_cortex.o
 .debug_info    0x000000000000488e      0x7cf Drivers/STM32F4xx_HAL_Driver/Src/stm32f4xx_hal_gpio.o
 .debug_info    0x000000000000505d      0x91e Drivers/STM32F4xx_HAL_Driver/Src/stm32f4xx_hal_rcc.o
 .debug_info    0x000000000000597b     0x24a9 Drivers/STM32F4xx_HAL_Driver/Src/stm32f4xx_hal_tim.o
 .debug_info    0x0000000000007e24     0x1157 Drivers/STM32F4xx_HAL_Driver/Src/stm32f4xx_hal_tim_ex.o
 .debug_info    0x0000000000008f7b     0x1e7e Middlewares/Third_Party/FreeRTOS/Source/CMSIS_RTOS/cmsis_os.o
 .debug_info    0x000000000000adf9      0xacb Middlewares/Third_Party/FreeRTOS/Source/list.o
 .debug_info    0x000000000000b8c4     0x1fd2 Middlewares/Third_Party/FreeRTOS/Source/queue.o
 .debug_info    0x000000000000d896     0x2494 Middlewares/Third_Party/FreeRTOS/Source/tasks.o
 .debug_info    0x000000000000fd2a      0x533 Middlewares/Third_Party/FreeRTOS/Source/portable/GCC/ARM_CM4F/port.o
 .debug_info    0x000000000001025d      0xbea Middlewares/Third_Party/FreeRTOS/Source/portable/MemMang/heap_4.o

.debug_abbrev   0x0000000000000000     0x262e
 .debug_abbrev  0x0000000000000000      0x109 Core/Src/freertos.o
 .debug_abbrev  0x0000000000000109      0x25e Core/Src/main.o
 .debug_abbrev  0x0000000000000367      0x112 Core/Src/stm32f4xx_hal_msp.o
 .debug_abbrev  0x0000000000000479      0x19d Core/Src/stm32f4xx_hal_timebase_tim.o
 .debug_abbrev  0x0000000000000616      0x15a Core/Src/stm32f4xx_it.o
 .debug_abbrev  0x0000000000000770      0x12b Core/Src/system_stm32f4xx.o
 .debug_abbrev  0x000000000000089b       0x12 Core/Startup/startup_stm32f429zitx.o
 .debug_abbrev  0x00000000000008ad      0x1c7 Drivers/STM32F4xx_HAL_Driver/Src/stm32f4xx_hal.o
 .debug_abbrev  0x0000000000000a74      0x2fa Drivers/STM32F4xx_HAL_Driver/Src/stm32f4xx_hal_cortex.o
 .debug_abbrev  0x0000000000000d6e      0x1c9 Drivers/STM32F4xx_HAL_Driver/Src/stm32f4xx_hal_gpio.o
 .debug_abbrev  0x0000000000000f37      0x245 Drivers/STM32F4xx_HAL_Driver/Src/stm32f4xx_hal_rcc.o
 .debug_abbrev  0x000000000000117c      0x230 Drivers/STM32F4xx_HAL_Driver/Src/stm32f4xx_hal_tim.o
 .debug_abbrev  0x00000000000013ac      0x21e Drivers/STM32F4xx_HAL_Driver/Src/stm32f4xx_hal_tim_ex.o
 .debug_abbrev  0x00000000000015ca      0x379 Middlewares/Third_Party/FreeRTOS/Source/CMSIS_RTOS/cmsis_os.o
 .debug_abbrev  0x0000000000001943      0x1cf Middlewares/Third_Party/FreeRTOS/Source/list.o
 .debug_abbrev  0x0000000000001b12      0x336 Middlewares/Third_Party/FreeRTOS/Source/queue.o
 .debug_abbrev  0x0000000000001e48      0x338 Middlewares/Third_Party/FreeRTOS/Source/tasks.o
 .debug_abbrev  0x0000000000002180      0x210 Middlewares/Third_Party/FreeRTOS/Source/portable/GCC/ARM_CM4F/port.o
 .debug_abbrev  0x0000000000002390      0x29e Middlewares/Third_Party/FreeRTOS/Source/portable/MemMang/heap_4.o

.debug_aranges  0x0000000000000000      0xef8
 .debug_aranges
                0x0000000000000000       0x20 Core/Src/freertos.o
 .debug_aranges
                0x0000000000000020       0x60 Core/Src/main.o
 .debug_aranges
                0x0000000000000080       0x20 Core/Src/stm32f4xx_hal_msp.o
 .debug_aranges
                0x00000000000000a0       0x30 Core/Src/stm32f4xx_hal_timebase_tim.o
 .debug_aranges
                0x00000000000000d0       0x50 Core/Src/stm32f4xx_it.o
 .debug_aranges
                0x0000000000000120       0x28 Core/Src/system_stm32f4xx.o
 .debug_aranges
                0x0000000000000148       0x28 Core/Startup/startup_stm32f429zitx.o
 .debug_aranges
                0x0000000000000170      0x100 Drivers/STM32F4xx_HAL_Driver/Src/stm32f4xx_hal.o
 .debug_aranges
                0x0000000000000270      0x118 Drivers/STM32F4xx_HAL_Driver/Src/stm32f4xx_hal_cortex.o
 .debug_aranges
                0x0000000000000388       0x58 Drivers/STM32F4xx_HAL_Driver/Src/stm32f4xx_hal_gpio.o
 .debug_aranges
                0x00000000000003e0       0x88 Drivers/STM32F4xx_HAL_Driver/Src/stm32f4xx_hal_rcc.o
 .debug_aranges
                0x0000000000000468      0x3a8 Drivers/STM32F4xx_HAL_Driver/Src/stm32f4xx_hal_tim.o
 .debug_aranges
                0x0000000000000810      0x150 Drivers/STM32F4xx_HAL_Driver/Src/stm32f4xx_hal_tim_ex.o
 .debug_aranges
                0x0000000000000960      0x1d8 Middlewares/Third_Party/FreeRTOS/Source/CMSIS_RTOS/cmsis_os.o
 .debug_aranges
                0x0000000000000b38       0x40 Middlewares/Third_Party/FreeRTOS/Source/list.o
 .debug_aranges
                0x0000000000000b78      0x108 Middlewares/Third_Party/FreeRTOS/Source/queue.o
 .debug_aranges
                0x0000000000000c80      0x1a8 Middlewares/Third_Party/FreeRTOS/Source/tasks.o
 .debug_aranges
                0x0000000000000e28       0x80 Middlewares/Third_Party/FreeRTOS/Source/portable/GCC/ARM_CM4F/port.o
 .debug_aranges
                0x0000000000000ea8       0x50 Middlewares/Third_Party/FreeRTOS/Source/portable/MemMang/heap_4.o

.debug_ranges   0x0000000000000000      0xdd0
 .debug_ranges  0x0000000000000000       0x10 Core/Src/freertos.o
 .debug_ranges  0x0000000000000010       0x50 Core/Src/main.o
 .debug_ranges  0x0000000000000060       0x10 Core/Src/stm32f4xx_hal_msp.o
 .debug_ranges  0x0000000000000070       0x20 Core/Src/stm32f4xx_hal_timebase_tim.o
 .debug_ranges  0x0000000000000090       0x40 Core/Src/stm32f4xx_it.o
 .debug_ranges  0x00000000000000d0       0x18 Core/Src/system_stm32f4xx.o
 .debug_ranges  0x00000000000000e8       0x20 Core/Startup/startup_stm32f429zitx.o
 .debug_ranges  0x0000000000000108       0xf0 Drivers/STM32F4xx_HAL_Driver/Src/stm32f4xx_hal.o
 .debug_ranges  0x00000000000001f8      0x108 Drivers/STM32F4xx_HAL_Driver/Src/stm32f4xx_hal_cortex.o
 .debug_ranges  0x0000000000000300       0x48 Drivers/STM32F4xx_HAL_Driver/Src/stm32f4xx_hal_gpio.o
 .debug_ranges  0x0000000000000348       0x78 Drivers/STM32F4xx_HAL_Driver/Src/stm32f4xx_hal_rcc.o
 .debug_ranges  0x00000000000003c0      0x398 Drivers/STM32F4xx_HAL_Driver/Src/stm32f4xx_hal_tim.o
 .debug_ranges  0x0000000000000758      0x140 Drivers/STM32F4xx_HAL_Driver/Src/stm32f4xx_hal_tim_ex.o
 .debug_ranges  0x0000000000000898      0x1c8 Middlewares/Third_Party/FreeRTOS/Source/CMSIS_RTOS/cmsis_os.o
 .debug_ranges  0x0000000000000a60       0x30 Middlewares/Third_Party/FreeRTOS/Source/list.o
 .debug_ranges  0x0000000000000a90       0xf8 Middlewares/Third_Party/FreeRTOS/Source/queue.o
 .debug_ranges  0x0000000000000b88      0x198 Middlewares/Third_Party/FreeRTOS/Source/tasks.o
 .debug_ranges  0x0000000000000d20       0x70 Middlewares/Third_Party/FreeRTOS/Source/portable/GCC/ARM_CM4F/port.o
 .debug_ranges  0x0000000000000d90       0x40 Middlewares/Third_Party/FreeRTOS/Source/portable/MemMang/heap_4.o

.debug_macro    0x0000000000000000    0x23ea9
 .debug_macro   0x0000000000000000      0x236 Core/Src/freertos.o
 .debug_macro   0x0000000000000236      0xa5a Core/Src/freertos.o
 .debug_macro   0x0000000000000c90      0x174 Core/Src/freertos.o
 .debug_macro   0x0000000000000e04       0x22 Core/Src/freertos.o
 .debug_macro   0x0000000000000e26       0x8e Core/Src/freertos.o
 .debug_macro   0x0000000000000eb4       0x51 Core/Src/freertos.o
 .debug_macro   0x0000000000000f05       0xef Core/Src/freertos.o
 .debug_macro   0x0000000000000ff4       0x6a Core/Src/freertos.o
 .debug_macro   0x000000000000105e      0x1df Core/Src/freertos.o
 .debug_macro   0x000000000000123d       0xea Core/Src/freertos.o
 .debug_macro   0x0000000000001327      0x15a Core/Src/freertos.o
 .debug_macro   0x0000000000001481       0xde Core/Src/freertos.o
 .debug_macro   0x000000000000155f       0x1c Core/Src/freertos.o
 .debug_macro   0x000000000000157b       0x26 Core/Src/freertos.o
 .debug_macro   0x00000000000015a1      0x4e8 Core/Src/freertos.o
 .debug_macro   0x0000000000001a89       0xb5 Core/Src/freertos.o
 .debug_macro   0x0000000000001b3e       0xaa Core/Src/freertos.o
 .debug_macro   0x0000000000001be8      0x184 Core/Src/freertos.o
 .debug_macro   0x0000000000001d6c       0x2e Core/Src/freertos.o
 .debug_macro   0x0000000000001d9a       0x28 Core/Src/freertos.o
 .debug_macro   0x0000000000001dc2       0x1c Core/Src/freertos.o
 .debug_macro   0x0000000000001dde       0x22 Core/Src/freertos.o
 .debug_macro   0x0000000000001e00       0xdf Core/Src/freertos.o
 .debug_macro   0x0000000000001edf     0x102d Core/Src/freertos.o
 .debug_macro   0x0000000000002f0c      0x11f Core/Src/freertos.o
 .debug_macro   0x000000000000302b    0x17f69 Core/Src/freertos.o
 .debug_macro   0x000000000001af94       0x43 Core/Src/freertos.o
 .debug_macro   0x000000000001afd7     0x36c9 Core/Src/freertos.o
 .debug_macro   0x000000000001e6a0       0x5a Core/Src/freertos.o
 .debug_macro   0x000000000001e6fa      0xca5 Core/Src/freertos.o
 .debug_macro   0x000000000001f39f      0x9fe Core/Src/freertos.o
 .debug_macro   0x000000000001fd9d      0x182 Core/Src/freertos.o
 .debug_macro   0x000000000001ff1f      0x117 Core/Src/freertos.o
 .debug_macro   0x0000000000020036      0x157 Core/Src/freertos.o
 .debug_macro   0x000000000002018d       0x27 Core/Src/freertos.o
 .debug_macro   0x00000000000201b4      0x287 Core/Src/freertos.o
 .debug_macro   0x000000000002043b       0x5f Core/Src/freertos.o
 .debug_macro   0x000000000002049a      0x236 Core/Src/freertos.o
 .debug_macro   0x00000000000206d0      0x132 Core/Src/freertos.o
 .debug_macro   0x0000000000020802      0x41d Core/Src/freertos.o
 .debug_macro   0x0000000000020c1f       0x2e Core/Src/freertos.o
 .debug_macro   0x0000000000020c4d      0x11a Core/Src/freertos.o
 .debug_macro   0x0000000000020d67       0xe2 Core/Src/freertos.o
 .debug_macro   0x0000000000020e49       0x89 Core/Src/freertos.o
 .debug_macro   0x0000000000020ed2      0x8a0 Core/Src/freertos.o
 .debug_macro   0x0000000000021772       0x47 Core/Src/freertos.o
 .debug_macro   0x00000000000217b9      0x134 Core/Src/freertos.o
 .debug_macro   0x00000000000218ed      0x281 Core/Src/main.o
 .debug_macro   0x0000000000021b6e       0xea Core/Src/main.o
 .debug_macro   0x0000000000021c58       0x91 Core/Src/main.o
 .debug_macro   0x0000000000021ce9       0x8d Core/Src/main.o
 .debug_macro   0x0000000000021d76       0x7e Core/Src/main.o
 .debug_macro   0x0000000000021df4       0x19 Core/Src/main.o
 .debug_macro   0x0000000000021e0d       0xf2 Core/Src/main.o
 .debug_macro   0x0000000000021eff      0x1ce Core/Src/stm32f4xx_hal_msp.o
 .debug_macro   0x00000000000220cd      0x1c4 Core/Src/stm32f4xx_hal_timebase_tim.o
 .debug_macro   0x0000000000022291      0x240 Core/Src/stm32f4xx_it.o
 .debug_macro   0x00000000000224d1      0x1ca Core/Src/system_stm32f4xx.o
 .debug_macro   0x000000000002269b      0x224 Drivers/STM32F4xx_HAL_Driver/Src/stm32f4xx_hal.o
 .debug_macro   0x00000000000228bf      0x1c4 Drivers/STM32F4xx_HAL_Driver/Src/stm32f4xx_hal_cortex.o
 .debug_macro   0x0000000000022a83      0x1fa Drivers/STM32F4xx_HAL_Driver/Src/stm32f4xx_hal_gpio.o
 .debug_macro   0x0000000000022c7d      0x1e8 Drivers/STM32F4xx_HAL_Driver/Src/stm32f4xx_hal_rcc.o
 .debug_macro   0x0000000000022e65      0x1c5 Drivers/STM32F4xx_HAL_Driver/Src/stm32f4xx_hal_tim.o
 .debug_macro   0x000000000002302a      0x1c4 Drivers/STM32F4xx_HAL_Driver/Src/stm32f4xx_hal_tim_ex.o
 .debug_macro   0x00000000000231ee      0x1f1 Middlewares/Third_Party/FreeRTOS/Source/CMSIS_RTOS/cmsis_os.o
 .debug_macro   0x00000000000233df       0x10 Middlewares/Third_Party/FreeRTOS/Source/CMSIS_RTOS/cmsis_os.o
 .debug_macro   0x00000000000233ef       0x20 Middlewares/Third_Party/FreeRTOS/Source/CMSIS_RTOS/cmsis_os.o
 .debug_macro   0x000000000002340f       0xc7 Middlewares/Third_Party/FreeRTOS/Source/CMSIS_RTOS/cmsis_os.o
 .debug_macro   0x00000000000234d6      0x17a Middlewares/Third_Party/FreeRTOS/Source/list.o
 .debug_macro   0x0000000000023650      0x209 Middlewares/Third_Party/FreeRTOS/Source/queue.o
 .debug_macro   0x0000000000023859       0x16 Middlewares/Third_Party/FreeRTOS/Source/queue.o
 .debug_macro   0x000000000002386f       0x87 Middlewares/Third_Party/FreeRTOS/Source/queue.o
 .debug_macro   0x00000000000238f6      0x26c Middlewares/Third_Party/FreeRTOS/Source/tasks.o
 .debug_macro   0x0000000000023b62       0x10 Middlewares/Third_Party/FreeRTOS/Source/tasks.o
 .debug_macro   0x0000000000023b72      0x196 Middlewares/Third_Party/FreeRTOS/Source/portable/GCC/ARM_CM4F/port.o
 .debug_macro   0x0000000000023d08      0x1a1 Middlewares/Third_Party/FreeRTOS/Source/portable/MemMang/heap_4.o

.debug_line     0x0000000000000000     0xbb96
 .debug_line    0x0000000000000000      0x7bb Core/Src/freertos.o
 .debug_line    0x00000000000007bb      0x92b Core/Src/main.o
 .debug_line    0x00000000000010e6      0x6c2 Core/Src/stm32f4xx_hal_msp.o
 .debug_line    0x00000000000017a8      0x6f5 Core/Src/stm32f4xx_hal_timebase_tim.o
 .debug_line    0x0000000000001e9d      0x846 Core/Src/stm32f4xx_it.o
 .debug_line    0x00000000000026e3      0x6dc Core/Src/system_stm32f4xx.o
 .debug_line    0x0000000000002dbf       0x85 Core/Startup/startup_stm32f429zitx.o
 .debug_line    0x0000000000002e44      0x8ea Drivers/STM32F4xx_HAL_Driver/Src/stm32f4xx_hal.o
 .debug_line    0x000000000000372e      0x9ea Drivers/STM32F4xx_HAL_Driver/Src/stm32f4xx_hal_cortex.o
 .debug_line    0x0000000000004118      0x8cd Drivers/STM32F4xx_HAL_Driver/Src/stm32f4xx_hal_gpio.o
 .debug_line    0x00000000000049e5      0x91e Drivers/STM32F4xx_HAL_Driver/Src/stm32f4xx_hal_rcc.o
 .debug_line    0x0000000000005303     0x193f Drivers/STM32F4xx_HAL_Driver/Src/stm32f4xx_hal_tim.o
 .debug_line    0x0000000000006c42      0xcdc Drivers/STM32F4xx_HAL_Driver/Src/stm32f4xx_hal_tim_ex.o
 .debug_line    0x000000000000791e      0xcde Middlewares/Third_Party/FreeRTOS/Source/CMSIS_RTOS/cmsis_os.o
 .debug_line    0x00000000000085fc      0x68a Middlewares/Third_Party/FreeRTOS/Source/list.o
 .debug_line    0x0000000000008c86      0xf94 Middlewares/Third_Party/FreeRTOS/Source/queue.o
 .debug_line    0x0000000000009c1a     0x1151 Middlewares/Third_Party/FreeRTOS/Source/tasks.o
 .debug_line    0x000000000000ad6b      0x6bb Middlewares/Third_Party/FreeRTOS/Source/portable/GCC/ARM_CM4F/port.o
 .debug_line    0x000000000000b426      0x770 Middlewares/Third_Party/FreeRTOS/Source/portable/MemMang/heap_4.o

.debug_str      0x0000000000000000    0xdda8b
 .debug_str     0x0000000000000000    0xd2b0e Core/Src/freertos.o
                                      0xd2dc4 (size before relaxing)
 .debug_str     0x00000000000d2b0e     0x2ac5 Core/Src/main.o
                                      0xd58b4 (size before relaxing)
 .debug_str     0x00000000000d55d3      0x56b Core/Src/stm32f4xx_hal_msp.o
                                      0xcf5b7 (size before relaxing)
 .debug_str     0x00000000000d5b3e       0xaa Core/Src/stm32f4xx_hal_timebase_tim.o
                                      0xcfac6 (size before relaxing)
 .debug_str     0x00000000000d5be8       0xab Core/Src/stm32f4xx_it.o
                                      0xd3137 (size before relaxing)
 .debug_str     0x00000000000d5c93       0xc4 Core/Src/system_stm32f4xx.o
                                      0xcf0ec (size before relaxing)
 .debug_str     0x00000000000d5d57       0x36 Core/Startup/startup_stm32f429zitx.o
                                         0x65 (size before relaxing)
 .debug_str     0x00000000000d5d8d      0x57d Drivers/STM32F4xx_HAL_Driver/Src/stm32f4xx_hal.o
                                      0xcfc58 (size before relaxing)
 .debug_str     0x00000000000d630a      0x389 Drivers/STM32F4xx_HAL_Driver/Src/stm32f4xx_hal_cortex.o
                                      0xcf9f9 (size before relaxing)
 .debug_str     0x00000000000d6693      0x20c Drivers/STM32F4xx_HAL_Driver/Src/stm32f4xx_hal_gpio.o
                                      0xcf32b (size before relaxing)
 .debug_str     0x00000000000d689f      0x24f Drivers/STM32F4xx_HAL_Driver/Src/stm32f4xx_hal_rcc.o
                                      0xcf4d9 (size before relaxing)
 .debug_str     0x00000000000d6aee      0xd6f Drivers/STM32F4xx_HAL_Driver/Src/stm32f4xx_hal_tim.o
                                      0xd01e5 (size before relaxing)
 .debug_str     0x00000000000d785d      0x4ec Drivers/STM32F4xx_HAL_Driver/Src/stm32f4xx_hal_tim_ex.o
                                      0xcf9e5 (size before relaxing)
 .debug_str     0x00000000000d7d49     0x37c1 Middlewares/Third_Party/FreeRTOS/Source/CMSIS_RTOS/cmsis_os.o
                                       0xe12d (size before relaxing)
 .debug_str     0x00000000000db50a      0x219 Middlewares/Third_Party/FreeRTOS/Source/list.o
                                       0xa75f (size before relaxing)
 .debug_str     0x00000000000db723      0x7f1 Middlewares/Third_Party/FreeRTOS/Source/queue.o
                                       0xbf4b (size before relaxing)
 .debug_str     0x00000000000dbf14     0x111a Middlewares/Third_Party/FreeRTOS/Source/tasks.o
                                       0xc980 (size before relaxing)
 .debug_str     0x00000000000dd02e      0x803 Middlewares/Third_Party/FreeRTOS/Source/portable/GCC/ARM_CM4F/port.o
                                       0x8528 (size before relaxing)
 .debug_str     0x00000000000dd831      0x25a Middlewares/Third_Party/FreeRTOS/Source/portable/MemMang/heap_4.o
                                       0xaf52 (size before relaxing)

.comment        0x0000000000000000       0x7b
 .comment       0x0000000000000000       0x7b Core/Src/freertos.o
                                         0x7c (size before relaxing)
 .comment       0x000000000000007b       0x7c Core/Src/main.o
 .comment       0x000000000000007b       0x7c Core/Src/stm32f4xx_hal_msp.o
 .comment       0x000000000000007b       0x7c Core/Src/stm32f4xx_hal_timebase_tim.o
 .comment       0x000000000000007b       0x7c Core/Src/stm32f4xx_it.o
 .comment       0x000000000000007b       0x7c Core/Src/system_stm32f4xx.o
 .comment       0x000000000000007b       0x7c Drivers/STM32F4xx_HAL_Driver/Src/stm32f4xx_hal.o
 .comment       0x000000000000007b       0x7c Drivers/STM32F4xx_HAL_Driver/Src/stm32f4xx_hal_cortex.o
 .comment       0x000000000000007b       0x7c Drivers/STM32F4xx_HAL_Driver/Src/stm32f4xx_hal_gpio.o
 .comment       0x000000000000007b       0x7c Drivers/STM32F4xx_HAL_Driver/Src/stm32f4xx_hal_rcc.o
 .comment       0x000000000000007b       0x7c Drivers/STM32F4xx_HAL_Driver/Src/stm32f4xx_hal_tim.o
 .comment       0x000000000000007b       0x7c Drivers/STM32F4xx_HAL_Driver/Src/stm32f4xx_hal_tim_ex.o
 .comment       0x000000000000007b       0x7c Middlewares/Third_Party/FreeRTOS/Source/CMSIS_RTOS/cmsis_os.o
 .comment       0x000000000000007b       0x7c Middlewares/Third_Party/FreeRTOS/Source/list.o
 .comment       0x000000000000007b       0x7c Middlewares/Third_Party/FreeRTOS/Source/queue.o
 .comment       0x000000000000007b       0x7c Middlewares/Third_Party/FreeRTOS/Source/tasks.o
 .comment       0x000000000000007b       0x7c Middlewares/Third_Party/FreeRTOS/Source/portable/GCC/ARM_CM4F/port.o
 .comment       0x000000000000007b       0x7c Middlewares/Third_Party/FreeRTOS/Source/portable/MemMang/heap_4.o

.debug_frame    0x0000000000000000     0x3d84
 .debug_frame   0x0000000000000000       0x38 Core/Src/freertos.o
 .debug_frame   0x0000000000000038      0x140 Core/Src/main.o
 .debug_frame   0x0000000000000178       0x34 Core/Src/stm32f4xx_hal_msp.o
 .debug_frame   0x00000000000001ac       0x74 Core/Src/stm32f4xx_hal_timebase_tim.o
 .debug_frame   0x0000000000000220       0xcc Core/Src/stm32f4xx_it.o
 .debug_frame   0x00000000000002ec       0x58 Core/Src/system_stm32f4xx.o
 .debug_frame   0x0000000000000344      0x3b4 Drivers/STM32F4xx_HAL_Driver/Src/stm32f4xx_hal.o
 .debug_frame   0x00000000000006f8      0x498 Drivers/STM32F4xx_HAL_Driver/Src/stm32f4xx_hal_cortex.o
 .debug_frame   0x0000000000000b90      0x14c Drivers/STM32F4xx_HAL_Driver/Src/stm32f4xx_hal_gpio.o
 .debug_frame   0x0000000000000cdc      0x1f0 Drivers/STM32F4xx_HAL_Driver/Src/stm32f4xx_hal_rcc.o
 .debug_frame   0x0000000000000ecc     0x10f0 Drivers/STM32F4xx_HAL_Driver/Src/stm32f4xx_hal_tim.o
 .debug_frame   0x0000000000001fbc      0x5c0 Drivers/STM32F4xx_HAL_Driver/Src/stm32f4xx_hal_tim_ex.o
 .debug_frame   0x000000000000257c      0x80c Middlewares/Third_Party/FreeRTOS/Source/CMSIS_RTOS/cmsis_os.o
 .debug_frame   0x0000000000002d88       0xd8 Middlewares/Third_Party/FreeRTOS/Source/list.o
 .debug_frame   0x0000000000002e60      0x46c Middlewares/Third_Party/FreeRTOS/Source/queue.o
 .debug_frame   0x00000000000032cc      0x734 Middlewares/Third_Party/FreeRTOS/Source/tasks.o
 .debug_frame   0x0000000000003a00      0x1a8 Middlewares/Third_Party/FreeRTOS/Source/portable/GCC/ARM_CM4F/port.o
 .debug_frame   0x0000000000003ba8      0x108 Middlewares/Third_Party/FreeRTOS/Source/portable/MemMang/heap_4.o
 .debug_frame   0x0000000000003cb0       0x2c e:/software/stm32cubeide_1.3.0/stm32cubeide/plugins/com.st.stm32cube.ide.mcu.externaltools.gnu-tools-for-stm32.7-2018-q2-update.win32_1.0.0.201904181610/tools/bin/../lib/gcc/arm-none-eabi/7.3.1/../../../../arm-none-eabi/lib/thumb/v7e-m/fpv4-sp/hard\libc_nano.a(lib_a-init.o)
 .debug_frame   0x0000000000003cdc       0x28 e:/software/stm32cubeide_1.3.0/stm32cubeide/plugins/com.st.stm32cube.ide.mcu.externaltools.gnu-tools-for-stm32.7-2018-q2-update.win32_1.0.0.201904181610/tools/bin/../lib/gcc/arm-none-eabi/7.3.1/../../../../arm-none-eabi/lib/thumb/v7e-m/fpv4-sp/hard\libc_nano.a(lib_a-memcpy-stub.o)
 .debug_frame   0x0000000000003d04       0x20 e:/software/stm32cubeide_1.3.0/stm32cubeide/plugins/com.st.stm32cube.ide.mcu.externaltools.gnu-tools-for-stm32.7-2018-q2-update.win32_1.0.0.201904181610/tools/bin/../lib/gcc/arm-none-eabi/7.3.1/../../../../arm-none-eabi/lib/thumb/v7e-m/fpv4-sp/hard\libc_nano.a(lib_a-memset.o)
 .debug_frame   0x0000000000003d24       0x2c e:/software/stm32cubeide_1.3.0/stm32cubeide/plugins/com.st.stm32cube.ide.mcu.externaltools.gnu-tools-for-stm32.7-2018-q2-update.win32_1.0.0.201904181610/tools/bin/../lib/gcc/arm-none-eabi/7.3.1/thumb/v7e-m/fpv4-sp/hard\libgcc.a(_aeabi_uldivmod.o)
 .debug_frame   0x0000000000003d50       0x34 e:/software/stm32cubeide_1.3.0/stm32cubeide/plugins/com.st.stm32cube.ide.mcu.externaltools.gnu-tools-for-stm32.7-2018-q2-update.win32_1.0.0.201904181610/tools/bin/../lib/gcc/arm-none-eabi/7.3.1/thumb/v7e-m/fpv4-sp/hard\libgcc.a(_udivmoddi4.o)
